// Jest Snapshot v1, https://goo.gl/fbAQLP

exports[`My component testing using snapshots Test Rockets component renders 1`] = `
Array [
  <link
    crossOrigin="anonymous"
    href="https://cdn.jsdelivr.net/npm/bootstrap@5.2.0-beta1/dist/css/bootstrap.min.css"
    integrity="sha384-0evHe/X+R7YkIZDRvuzKMRqM+OrBnVFBL6DOitfPri4tjfHxaWutUpFmBp4vmVor"
    rel="stylesheet"
  />,
  <div
    className="row"
  >
    <div
      className="ms-5 card"
      style={
        Object {
          "width": "18rem",
        }
      }
    >
      <div
        className="card-title h5"
      >
        My Missions
      </div>
      <div
        className="list-group list-group-flush"
        onKeyDown={[Function]}
      />
    </div>
    <div
      className="ms-auto me-5 card"
      style={
        Object {
          "width": "18rem",
        }
      }
    >
      <div
        className="card-title h5"
      >
        My Rockets
      </div>
      <div
        className="list-group list-group-flush"
        onKeyDown={[Function]}
      />
    </div>
  </div>,
]
`;

exports[`MyProfile component testing using snapshots Test MyProfile component renders 1`] = `
Array [
  <link
    crossOrigin="anonymous"
    href="https://cdn.jsdelivr.net/npm/bootstrap@5.2.0-beta1/dist/css/bootstrap.min.css"
    integrity="sha384-0evHe/X+R7YkIZDRvuzKMRqM+OrBnVFBL6DOitfPri4tjfHxaWutUpFmBp4vmVor"
    rel="stylesheet"
  />,
  <div
    className="row"
  >
    <div
      className="ms-5 card"
      style={
        Object {
          "width": "18rem",
        }
      }
    >
      <div
        className="card-title h5"
      >
        My Missions
      </div>
      <div
        className="list-group list-group-flush"
        onKeyDown={[Function]}
      />
    </div>
    <div
      className="ms-auto me-5 card"
      style={
        Object {
          "width": "18rem",
        }
      }
    >
      <div
        className="card-title h5"
      >
        My Rockets
      </div>
      <div
        className="list-group list-group-flush"
        onKeyDown={[Function]}
      />
    </div>
  </div>,
]
`;

exports[`MyProfile component testing using snapshots Test Rockets component renders 1`] = `
Array [
  <link
    crossOrigin="anonymous"
    href="https://cdn.jsdelivr.net/npm/bootstrap@5.2.0-beta1/dist/css/bootstrap.min.css"
    integrity="sha384-0evHe/X+R7YkIZDRvuzKMRqM+OrBnVFBL6DOitfPri4tjfHxaWutUpFmBp4vmVor"
    rel="stylesheet"
  />,
  <div
    className="row"
  >
    <div
      className="ms-5 card"
      style={
        Object {
          "width": "18rem",
        }
      }
    >
      <div
        className="card-title h5"
      >
        My Missions
      </div>
      <div
        className="list-group list-group-flush"
        onKeyDown={[Function]}
      />
    </div>
    <div
      className="ms-auto me-5 card"
      style={
        Object {
          "width": "18rem",
        }
      }
    >
      <div
        className="card-title h5"
      >
        My Rockets
      </div>
      <div
        className="list-group list-group-flush"
        onKeyDown={[Function]}
      />
    </div>
  </div>,
]
`;

exports[`Rockets component testing using snapshots Test Rockets component renders 1`] = `
Array [
  <link
    crossOrigin="anonymous"
    href="https://cdn.jsdelivr.net/npm/bootstrap@5.2.0-beta1/dist/css/bootstrap.min.css"
    integrity="sha384-0evHe/X+R7YkIZDRvuzKMRqM+OrBnVFBL6DOitfPri4tjfHxaWutUpFmBp4vmVor"
    rel="stylesheet"
  />,
  <div
    className="row"
  >
    <div
      className="ms-5 card"
      style={
        Object {
          "width": "18rem",
        }
      }
    >
      <div
        className="card-title h5"
      >
        My Missions
      </div>
      <div
        className="list-group list-group-flush"
        onKeyDown={[Function]}
      />
    </div>
    <div
      className="ms-auto me-5 card"
      style={
        Object {
          "width": "18rem",
        }
      }
    >
      <div
        className="card-title h5"
      >
        My Rockets
      </div>
      <div
        className="list-group list-group-flush"
        onKeyDown={[Function]}
      />
    </div>
  </div>,
]
`;
