// Jest Snapshot v1, https://goo.gl/fbAQLP

exports[`Rockets component testing using snapshots Test Rockets component renders 1`] = `
<link
  crossOrigin="anonymous"
  href="https://cdn.jsdelivr.net/npm/bootstrap@5.2.0-beta1/dist/css/bootstrap.min.css"
  integrity="sha384-0evHe/X+R7YkIZDRvuzKMRqM+OrBnVFBL6DOitfPri4tjfHxaWutUpFmBp4vmVor"
  rel="stylesheet"
/>
`;
